// Jest Snapshot v1, https://goo.gl/fbAQLP

exports[`<CharacterList /> Should render a <List> with playrs in the room 1`] = `"<div class=\\"userListStyle\\"><div class=\\"ui segment\\"><div role=\\"list\\" class=\\"ui list Charlist\\"><h3 style=\\"color:#31E981\\">Players</h3><div role=\\"listitem\\" class=\\"item\\"><div class=\\"content\\"><i aria-hidden=\\"true\\" class=\\"yellow star small circular icon\\"></i></div><div style=\\"color:#000000\\" class=\\"content\\">1</div><div class=\\"content\\"><i aria-hidden=\\"true\\" class=\\"red close link icon\\"></i></div></div><div role=\\"listitem\\" class=\\"item\\"><div class=\\"content\\"><i aria-hidden=\\"true\\" class=\\"teal user small circular icon\\"></i></div><div style=\\"color:#000000\\" class=\\"content\\">2</div><div class=\\"content\\"></div></div></div></div></div>"`;
